
> shape-of-the-day@0.0.0 test
> jest src/components/teacher/TaskInventory.test.tsx --verbose

  console.log
    jest.setup.js executed

      at Object.<anonymous> (jest.setup.js:1:9)

ts-jest[config] (WARN) message TS151001: If you have issues related to imports, you should consider setting `esModuleInterop` to `true` in your TypeScript configuration file (usually `tsconfig.json`). See https://blogs.msdn.microsoft.com/typescript/2018/01/31/announcing-typescript-2-7/#easier-ecmascript-module-interoperability for more information.
FAIL src/components/teacher/TaskInventory.test.tsx
  TaskInventory
    ├ù should render the search input (52 ms)
    ├ù should filter tasks based on search query (5 ms)

  ΓùÅ TaskInventory ΓÇ║ should render the search input

    FirebaseError: Expected first argument to collection() to be a CollectionReference, a DocumentReference or FirebaseFirestore


  ΓùÅ TaskInventory ΓÇ║ should filter tasks based on search query

    FirebaseError: Expected first argument to collection() to be a CollectionReference, a DocumentReference or FirebaseFirestore


Test Suites: 1 failed, 1 total
Tests:       2 failed, 2 total
Snapshots:   0 total
Time:        1.8 s
Ran all test suites matching src/components/teacher/TaskInventory.test.tsx.
